---
source: gvb_interp/src/parser.rs
expression: parse_line(line).to_string(line)

---
label: Some(Label(10))
len: 17
eol: None
diagnostics: 
-----------------
3..17     SWAP a$[<ID: i>], <ID: b c>

