---
source: gvb_interp/src/vm.rs
expression: device.log.borrow()

---
print newline
print "foo"
print newline
flush
set column to 9
print "  "
get column: 9
print "   "
flush
print "ABCDEFG"
print " "
get column: 9
print "             "
print "3"
print newline
flush

