---
source: gvb_interp/src/parser.rs
expression: parse_line(line).0.to_string(line)

---
label: Some((0..2, Label(10)))
len: 10
eol: None
diagnostics: 
-----------------
3..10     LET <ID: ab$> = <NUM: 3>

