---
source: gvb_interp/src/vm.rs
expression: device.log.borrow()

---

