---
source: gvb_interp/src/compiler.rs
expression: "compile(r#\"\n10 swap a$(b*2,3,i*10+j), c$:swap c%,d%\n    \"#.trim())"

---
emoji_version: New
--------- data ----------
--------- code ----------
0     0:11..12  push var B
1     0:13..14  push number 2
2     0:11..14  mul
3     0:15..16  push number 3
4     0:17..18  push var I
5     0:19..21  push number 10
6     0:17..21  mul
7     0:22..23  push var J
8     0:17..23  add
9     0:8..10   push index lvalue A$, dimensions: 3
10    0:26..28  push var lvalue C$
11    0:3..28   swap
12    0:34..36  push var lvalue C%
13    0:37..39  push var lvalue D%
14    0:29..39  swap
15    0:0..0    end

