---
source: gvb_interp/src/vm.rs
expression: device.log.borrow()

---
open file "f.DAT", read: true, write: true, truncate: false
close file

