---
source: gvb_interp/src/vm.rs
expression: device.log.borrow()

---
print "B"
flush
print "C"
flush
print "A"
flush
print "C"
flush

