---
source: gvb_interp/src/vm.rs
expression: device.log.borrow()

---
cls
print "B"
flush

