---
source: gvb_interp/src/vm.rs
expression: device.log.borrow()

---
print "b"
flush
print "GO"
flush
print "come"
flush

