---
source: gvb_interp/src/vm.rs
expression: device.log.borrow()

---
open file "f.DAT", read: false, write: true, truncate: true
close file

